// Jest Snapshot v1, https://goo.gl/fbAQLP

exports[`App component matches snapshot 1`] = `
<div>
  <p>
    sign up
  </p>
  <input
    placeholder="email.."
    type="text"
    value=""
  />
  <input
    placeholder="password.."
    type="password"
    value=""
  />
  <button>
    signUp btn
  </button>
  <p>
    sign in
  </p>
  <input
    placeholder="email"
    type="text"
    value=""
  />
  <input
    placeholder="password"
    type="text"
    value=""
  />
  <button>
    signIn btn
  </button>
  <br />
  <button>
    getUser btn
  </button>
  <br />
  <button>
    signOut btn
  </button>
  <p>
    default
  </p>
</div>
`;
